kotlin version: 1.9.22
error message: org.jetbrains.kotlin.backend.common.BackendException: Backend Internal error: Exception during IR lowering
File being compiled: /workspace/project/vito/app/admin/src/main/kotlin/com/vito/admin/MainActivity.kt
The root cause java.lang.RuntimeException was thrown at: org.jetbrains.kotlin.backend.jvm.codegen.FunctionCodegen.generate(FunctionCodegen.kt:51)
	at org.jetbrains.kotlin.backend.common.CodegenUtil.reportBackendException(CodegenUtil.kt:253)
	at org.jetbrains.kotlin.backend.common.CodegenUtil.reportBackendException$default(CodegenUtil.kt:237)
	at org.jetbrains.kotlin.backend.common.phaser.PerformByIrFilePhase.invokeSequential(performByIrFile.kt:65)
	at org.jetbrains.kotlin.backend.common.phaser.PerformByIrFilePhase.invoke(performByIrFile.kt:52)
	at org.jetbrains.kotlin.backend.common.phaser.PerformByIrFilePhase.invoke(performByIrFile.kt:38)
	at org.jetbrains.kotlin.backend.common.phaser.NamedCompilerPhase.phaseBody(CompilerPhase.kt:147)
	at org.jetbrains.kotlin.backend.common.phaser.AbstractNamedCompilerPhase.invoke(CompilerPhase.kt:94)
	at org.jetbrains.kotlin.backend.common.phaser.CompositePhase.invoke(PhaseBuilders.kt:29)
	at org.jetbrains.kotlin.backend.common.phaser.CompositePhase.invoke(PhaseBuilders.kt:16)
	at org.jetbrains.kotlin.backend.common.phaser.NamedCompilerPhase.phaseBody(CompilerPhase.kt:147)
	at org.jetbrains.kotlin.backend.common.phaser.AbstractNamedCompilerPhase.invoke(CompilerPhase.kt:94)
	at org.jetbrains.kotlin.backend.common.phaser.CompilerPhaseKt.invokeToplevel(CompilerPhase.kt:43)
	at org.jetbrains.kotlin.backend.jvm.JvmIrCodegenFactory.invokeCodegen(JvmIrCodegenFactory.kt:361)
	at org.jetbrains.kotlin.cli.jvm.compiler.KotlinToJVMBytecodeCompiler.runCodegen(KotlinToJVMBytecodeCompiler.kt:347)
	at org.jetbrains.kotlin.cli.jvm.compiler.KotlinToJVMBytecodeCompiler.compileModules$cli(KotlinToJVMBytecodeCompiler.kt:122)
	at org.jetbrains.kotlin.cli.jvm.compiler.KotlinToJVMBytecodeCompiler.compileModules$cli$default(KotlinToJVMBytecodeCompiler.kt:43)
	at org.jetbrains.kotlin.cli.jvm.K2JVMCompiler.doExecute(K2JVMCompiler.kt:165)
	at org.jetbrains.kotlin.cli.jvm.K2JVMCompiler.doExecute(K2JVMCompiler.kt:50)
	at org.jetbrains.kotlin.cli.common.CLICompiler.execImpl(CLICompiler.kt:104)
	at org.jetbrains.kotlin.cli.common.CLICompiler.execImpl(CLICompiler.kt:48)
	at org.jetbrains.kotlin.cli.common.CLITool.exec(CLITool.kt:101)
	at org.jetbrains.kotlin.incremental.IncrementalJvmCompilerRunner.runCompiler(IncrementalJvmCompilerRunner.kt:463)
	at org.jetbrains.kotlin.incremental.IncrementalJvmCompilerRunner.runCompiler(IncrementalJvmCompilerRunner.kt:62)
	at org.jetbrains.kotlin.incremental.IncrementalCompilerRunner.doCompile(IncrementalCompilerRunner.kt:477)
	at org.jetbrains.kotlin.incremental.IncrementalCompilerRunner.compileImpl(IncrementalCompilerRunner.kt:400)
	at org.jetbrains.kotlin.incremental.IncrementalCompilerRunner.compileNonIncrementally(IncrementalCompilerRunner.kt:281)
	at org.jetbrains.kotlin.incremental.IncrementalCompilerRunner.compile(IncrementalCompilerRunner.kt:125)
	at org.jetbrains.kotlin.daemon.CompileServiceImplBase.execIncrementalCompiler(CompileServiceImpl.kt:657)
	at org.jetbrains.kotlin.daemon.CompileServiceImplBase.access$execIncrementalCompiler(CompileServiceImpl.kt:105)
	at org.jetbrains.kotlin.daemon.CompileServiceImpl.compile(CompileServiceImpl.kt:1624)
	at java.base/jdk.internal.reflect.NativeMethodAccessorImpl.invoke0(Native Method)
	at java.base/jdk.internal.reflect.NativeMethodAccessorImpl.invoke(NativeMethodAccessorImpl.java:77)
	at java.base/jdk.internal.reflect.DelegatingMethodAccessorImpl.invoke(DelegatingMethodAccessorImpl.java:43)
	at java.base/java.lang.reflect.Method.invoke(Method.java:568)
	at java.rmi/sun.rmi.server.UnicastServerRef.dispatch(UnicastServerRef.java:360)
	at java.rmi/sun.rmi.transport.Transport$1.run(Transport.java:200)
	at java.rmi/sun.rmi.transport.Transport$1.run(Transport.java:197)
	at java.base/java.security.AccessController.doPrivileged(AccessController.java:712)
	at java.rmi/sun.rmi.transport.Transport.serviceCall(Transport.java:196)
	at java.rmi/sun.rmi.transport.tcp.TCPTransport.handleMessages(TCPTransport.java:587)
	at java.rmi/sun.rmi.transport.tcp.TCPTransport$ConnectionHandler.run0(TCPTransport.java:828)
	at java.rmi/sun.rmi.transport.tcp.TCPTransport$ConnectionHandler.lambda$run$0(TCPTransport.java:705)
	at java.base/java.security.AccessController.doPrivileged(AccessController.java:399)
	at java.rmi/sun.rmi.transport.tcp.TCPTransport$ConnectionHandler.run(TCPTransport.java:704)
	at java.base/java.util.concurrent.ThreadPoolExecutor.runWorker(ThreadPoolExecutor.java:1136)
	at java.base/java.util.concurrent.ThreadPoolExecutor$Worker.run(ThreadPoolExecutor.java:635)
	at java.base/java.lang.Thread.run(Thread.java:840)
Caused by: java.lang.RuntimeException: Exception while generating code for:
FUN name:onCreate visibility:protected modality:OPEN <> ($this:com.vito.admin.MainActivity, savedInstanceState:android.os.Bundle?) returnType:kotlin.Unit
  overridden:
    protected/*protected and package*/ open fun onCreate (p0: @[EnhancedNullability] android.os.Bundle?): kotlin.Unit declared in androidx.activity.ComponentActivity
  $this: VALUE_PARAMETER name:<this> type:com.vito.admin.MainActivity
  VALUE_PARAMETER name:savedInstanceState index:0 type:android.os.Bundle?
  BLOCK_BODY
    CALL 'protected/*protected and package*/ open fun onCreate (p0: @[EnhancedNullability] android.os.Bundle?): kotlin.Unit declared in androidx.activity.ComponentActivity' superQualifier='CLASS IR_EXTERNAL_JAVA_DECLARATION_STUB CLASS name:ComponentActivity modality:OPEN visibility:public superTypes:[androidx.core.app.ComponentActivity; androidx.activity.contextaware.ContextAware; androidx.lifecycle.LifecycleOwner; androidx.lifecycle.ViewModelStoreOwner; androidx.lifecycle.HasDefaultViewModelProviderFactory; androidx.savedstate.SavedStateRegistryOwner; androidx.activity.OnBackPressedDispatcherOwner; androidx.activity.result.ActivityResultRegistryOwner; androidx.activity.result.ActivityResultCaller; androidx.core.content.OnConfigurationChangedProvider; androidx.core.content.OnTrimMemoryProvider; androidx.core.app.OnNewIntentProvider; androidx.core.app.OnMultiWindowModeChangedProvider; androidx.core.app.OnPictureInPictureModeChangedProvider; androidx.core.view.MenuHost; androidx.activity.FullyDrawnReporterOwner]' type=kotlin.Unit origin=null
      $this: GET_VAR '<this>: com.vito.admin.MainActivity declared in com.vito.admin.MainActivity.onCreate' type=com.vito.admin.MainActivity origin=null
      p0: GET_VAR 'savedInstanceState: android.os.Bundle? declared in com.vito.admin.MainActivity.onCreate' type=android.os.Bundle? origin=null
    CALL 'public final fun setContent$default (parent: androidx.compose.runtime.CompositionContext?, content: @[Composable] kotlin.Function0<kotlin.Unit>, $mask0: kotlin.Int, $handler: kotlin.Any?): kotlin.Unit declared in androidx.activity.compose.ComponentActivityKt' type=kotlin.Unit origin=DEFAULT_DISPATCH_CALL
      $receiver: GET_VAR '<this>: com.vito.admin.MainActivity declared in com.vito.admin.MainActivity.onCreate' type=com.vito.admin.MainActivity origin=null
      parent: COMPOSITE type=androidx.compose.runtime.CompositionContext? origin=DEFAULT_VALUE
        CONST Null type=androidx.compose.runtime.CompositionContext? value=null
      content: BLOCK type=com.vito.admin.MainActivity.onCreate.<no name provided> origin=null
        CLASS LAMBDA_IMPL CLASS name:<no name provided> modality:FINAL visibility:public/*package*/ superTypes:[kotlin.jvm.internal.Lambda; kotlin.Function0<kotlin.Unit>]
          $this: VALUE_PARAMETER INSTANCE_RECEIVER name:<this> type:com.vito.admin.MainActivity.onCreate.<no name provided>
          CONSTRUCTOR GENERATED_MEMBER_IN_CALLABLE_REFERENCE visibility:public/*package*/ <> () returnType:com.vito.admin.MainActivity.onCreate.<no name provided> [primary]
            BLOCK_BODY
              DELEGATING_CONSTRUCTOR_CALL 'public constructor <init> (arity: kotlin.Int) declared in kotlin.jvm.internal.Lambda'
                arity: CONST Int type=kotlin.Int value=0
              BLOCK type=kotlin.Unit origin=null
          FUN name:invoke visibility:public modality:FINAL <> ($this:com.vito.admin.MainActivity.onCreate.<no name provided>) returnType:kotlin.Unit
            overridden:
              public abstract fun invoke (): R of kotlin.Function0 [operator] declared in kotlin.Function0
            $this: VALUE_PARAMETER INSTANCE_RECEIVER name:<this> type:com.vito.admin.MainActivity.onCreate.<no name provided>
            BLOCK_BODY
              CALL 'public final fun MaterialTheme$default (colorScheme: androidx.compose.material3.ColorScheme?, shapes: androidx.compose.material3.Shapes?, typography: androidx.compose.material3.Typography?, content: @[Composable] kotlin.Function0<kotlin.Unit>, $mask0: kotlin.Int, $handler: kotlin.Any?): kotlin.Unit declared in androidx.compose.material3.MaterialThemeKt' type=kotlin.Unit origin=DEFAULT_DISPATCH_CALL
                colorScheme: COMPOSITE type=androidx.compose.material3.ColorScheme? origin=DEFAULT_VALUE
                  CONST Null type=androidx.compose.material3.ColorScheme? value=null
                shapes: COMPOSITE type=androidx.compose.material3.Shapes? origin=DEFAULT_VALUE
                  CONST Null type=androidx.compose.material3.Shapes? value=null
                typography: COMPOSITE type=androidx.compose.material3.Typography? origin=DEFAULT_VALUE
                  CONST Null type=androidx.compose.material3.Typography? value=null
                content: BLOCK type=com.vito.admin.MainActivity.onCreate.<no name provided>.invoke.<no name provided> origin=null
                  CLASS LAMBDA_IMPL CLASS name:<no name provided> modality:FINAL visibility:public/*package*/ superTypes:[kotlin.jvm.internal.Lambda; kotlin.Function0<kotlin.Unit>]
                    $this: VALUE_PARAMETER INSTANCE_RECEIVER name:<this> type:com.vito.admin.MainActivity.onCreate.<no name provided>.invoke.<no name provided>
                    CONSTRUCTOR GENERATED_MEMBER_IN_CALLABLE_REFERENCE visibility:public/*package*/ <> () returnType:com.vito.admin.MainActivity.onCreate.<no name provided>.invoke.<no name provided> [primary]
                      BLOCK_BODY
                        DELEGATING_CONSTRUCTOR_CALL 'public constructor <init> (arity: kotlin.Int) declared in kotlin.jvm.internal.Lambda'
                          arity: CONST Int type=kotlin.Int value=0
                        BLOCK type=kotlin.Unit origin=null
                    FUN name:invoke visibility:public modality:FINAL <> ($this:com.vito.admin.MainActivity.onCreate.<no name provided>.invoke.<no name provided>) returnType:kotlin.Unit
                      overridden:
                        public abstract fun invoke (): R of kotlin.Function0 [operator] declared in kotlin.Function0
                      $this: VALUE_PARAMETER INSTANCE_RECEIVER name:<this> type:com.vito.admin.MainActivity.onCreate.<no name provided>.invoke.<no name provided>
                      BLOCK_BODY
                        CALL 'public final fun Box$default (modifier: androidx.compose.ui.Modifier?, contentAlignment: androidx.compose.ui.Alignment?, propagateMinConstraints: kotlin.Boolean, content: @[Composable] @[ExtensionFunctionType] kotlin.Function1<androidx.compose.foundation.layout.BoxScope, kotlin.Unit>, $mask0: kotlin.Int, $handler: kotlin.Any?): kotlin.Unit [inline] declared in androidx.compose.foundation.layout.BoxKt' type=kotlin.Unit origin=DEFAULT_DISPATCH_CALL
                          modifier: CALL 'public final fun fillMaxSize$default (fraction: kotlin.Float, $mask0: kotlin.Int, $handler: kotlin.Any?): androidx.compose.ui.Modifier declared in androidx.compose.foundation.layout.SizeKt' type=androidx.compose.ui.Modifier origin=DEFAULT_DISPATCH_CALL
                            $receiver: GET_FIELD 'FIELD FIELD_FOR_OBJECT_INSTANCE name:Companion type:androidx.compose.ui.Modifier.Companion visibility:public [final,static]' type=androidx.compose.ui.Modifier.Companion origin=null
                            fraction: COMPOSITE type=kotlin.Float origin=DEFAULT_VALUE
                              CONST Float type=kotlin.Float value=0.0
                            $mask0: CONST Int type=kotlin.Int value=1
                            $handler: CONST Null type=kotlin.Any? value=null
                          contentAlignment: CALL 'public final fun <get-Center> (): androidx.compose.ui.Alignment declared in androidx.compose.ui.Alignment.Companion' type=androidx.compose.ui.Alignment origin=GET_PROPERTY
                            $this: GET_FIELD 'FIELD FIELD_FOR_OBJECT_INSTANCE name:Companion type:androidx.compose.ui.Alignment.Companion visibility:public [final,static]' type=androidx.compose.ui.Alignment.Companion origin=null
                          propagateMinConstraints: COMPOSITE type=kotlin.Boolean origin=DEFAULT_VALUE
                            CONST Boolean type=kotlin.Boolean value=false
                          content: BLOCK type=@[ExtensionFunctionType] kotlin.Function1<androidx.compose.foundation.layout.BoxScope, kotlin.Unit> origin=LAMBDA
                            COMPOSITE type=kotlin.Unit origin=null
                            FUNCTION_REFERENCE 'private final fun invoke$lambda$0 (): kotlin.Unit declared in com.vito.admin.MainActivity.onCreate.<no name provided>.invoke.<no name provided>' type=@[ExtensionFunctionType] kotlin.Function1<androidx.compose.foundation.layout.BoxScope, kotlin.Unit> origin=INLINE_LAMBDA reflectionTarget=null
                          $mask0: CONST Int type=kotlin.Int value=4
                          $handler: CONST Null type=kotlin.Any? value=null
                    FUN INLINE_LAMBDA name:invoke$lambda$0 visibility:private modality:FINAL <> ($receiver:androidx.compose.foundation.layout.BoxScope) returnType:kotlin.Unit
                      $receiver: VALUE_PARAMETER name:$this$Box type:androidx.compose.foundation.layout.BoxScope
                      BLOCK_BODY
                        VAR name:$i$a$-Box$default-MainActivity$onCreate$1$1$1 type:kotlin.Int [val]
                          CONST Int type=kotlin.Int value=0
                        CALL 'public final fun Text-80ic1_w$default (text: kotlin.String, modifier: androidx.compose.ui.Modifier?, color: androidx.compose.ui.graphics.Color, fontSize: androidx.compose.ui.unit.TextUnit, fontStyle: androidx.compose.ui.text.font.FontStyle?, fontWeight: androidx.compose.ui.text.font.FontWeight?, fontFamily: androidx.compose.ui.text.font.FontFamily?, letterSpacing: androidx.compose.ui.unit.TextUnit, textDecoration: androidx.compose.ui.text.style.TextDecoration?, textAlign: androidx.compose.ui.text.style.TextAlign?, lineHeight: androidx.compose.ui.unit.TextUnit, overflow: androidx.compose.ui.text.style.TextOverflow, softWrap: kotlin.Boolean, maxLines: kotlin.Int, minLines: kotlin.Int, onTextLayout: kotlin.Function1<androidx.compose.ui.text.TextLayoutResult, kotlin.Unit>?, style: androidx.compose.ui.text.TextStyle?, $mask0: kotlin.Int, $handler: kotlin.Any?): kotlin.Unit declared in androidx.compose.material3.TextKt' type=kotlin.Unit origin=DEFAULT_DISPATCH_CALL
                          text: CONST String type=kotlin.String value="Vito Admin App - Demo Mode"
                          modifier: COMPOSITE type=androidx.compose.ui.Modifier? origin=DEFAULT_VALUE
                            CONST Null type=androidx.compose.ui.Modifier? value=null
                          color: COMPOSITE type=androidx.compose.ui.graphics.Color origin=DEFAULT_VALUE
                            CALL 'public final fun <unsafe-coerce> <T, R> (v: T of kotlin.jvm.internal.<unsafe-coerce>): R of kotlin.jvm.internal.<unsafe-coerce> declared in kotlin.jvm.internal' type=androidx.compose.ui.graphics.Color origin=null
                              <T>: kotlin.Long
                              <R>: androidx.compose.ui.graphics.Color
                              v: CONST Long type=kotlin.Long value=0
                          fontSize: COMPOSITE type=androidx.compose.ui.unit.TextUnit origin=DEFAULT_VALUE
                            CALL 'public final fun <unsafe-coerce> <T, R> (v: T of kotlin.jvm.internal.<unsafe-coerce>): R of kotlin.jvm.internal.<unsafe-coerce> declared in kotlin.jvm.internal' type=androidx.compose.ui.unit.TextUnit origin=null
                              <T>: kotlin.Long
                              <R>: androidx.compose.ui.unit.TextUnit
                              v: CONST Long type=kotlin.Long value=0
                          fontStyle: COMPOSITE type=androidx.compose.ui.text.font.FontStyle? origin=DEFAULT_VALUE
                            CONST Null type=androidx.compose.ui.text.font.FontStyle? value=null
                          fontWeight: COMPOSITE type=androidx.compose.ui.text.font.FontWeight? origin=DEFAULT_VALUE
                            CONST Null type=androidx.compose.ui.text.font.FontWeight? value=null
                          fontFamily: COMPOSITE type=androidx.compose.ui.text.font.FontFamily? origin=DEFAULT_VALUE
                            CONST Null type=androidx.compose.ui.text.font.FontFamily? value=null
                          letterSpacing: COMPOSITE type=androidx.compose.ui.unit.TextUnit origin=DEFAULT_VALUE
                            CALL 'public final fun <unsafe-coerce> <T, R> (v: T of kotlin.jvm.internal.<unsafe-coerce>): R of kotlin.jvm.internal.<unsafe-coerce> declared in kotlin.jvm.internal' type=androidx.compose.ui.unit.TextUnit origin=null
                              <T>: kotlin.Long
                              <R>: androidx.compose.ui.unit.TextUnit
                              v: CONST Long type=kotlin.Long value=0
                          textDecoration: COMPOSITE type=androidx.compose.ui.text.style.TextDecoration? origin=DEFAULT_VALUE
                            CONST Null type=androidx.compose.ui.text.style.TextDecoration? value=null
                          textAlign: COMPOSITE type=androidx.compose.ui.text.style.TextAlign? origin=DEFAULT_VALUE
                            CONST Null type=androidx.compose.ui.text.style.TextAlign? value=null
                          lineHeight: COMPOSITE type=androidx.compose.ui.unit.TextUnit origin=DEFAULT_VALUE
                            CALL 'public final fun <unsafe-coerce> <T, R> (v: T of kotlin.jvm.internal.<unsafe-coerce>): R of kotlin.jvm.internal.<unsafe-coerce> declared in kotlin.jvm.internal' type=androidx.compose.ui.unit.TextUnit origin=null
                              <T>: kotlin.Long
                              <R>: androidx.compose.ui.unit.TextUnit
                              v: CONST Long type=kotlin.Long value=0
                          overflow: COMPOSITE type=androidx.compose.ui.text.style.TextOverflow origin=DEFAULT_VALUE
                            CALL 'public final fun <unsafe-coerce> <T, R> (v: T of kotlin.jvm.internal.<unsafe-coerce>): R of kotlin.jvm.internal.<unsafe-coerce> declared in kotlin.jvm.internal' type=androidx.compose.ui.text.style.TextOverflow origin=null
                              <T>: kotlin.Int
                              <R>: androidx.compose.ui.text.style.TextOverflow
                              v: CONST Int type=kotlin.Int value=0
                          softWrap: COMPOSITE type=kotlin.Boolean origin=DEFAULT_VALUE
                            CONST Boolean type=kotlin.Boolean value=false
                          maxLines: COMPOSITE type=kotlin.Int origin=DEFAULT_VALUE
                            CONST Int type=kotlin.Int value=0
                          minLines: COMPOSITE type=kotlin.Int origin=DEFAULT_VALUE
                            CONST Int type=kotlin.Int value=0
                          onTextLayout: COMPOSITE type=kotlin.Function1<androidx.compose.ui.text.TextLayoutResult, kotlin.Unit>? origin=DEFAULT_VALUE
                            CONST Null type=kotlin.Function1<androidx.compose.ui.text.TextLayoutResult, kotlin.Unit>? value=null
                          style: COMPOSITE type=androidx.compose.ui.text.TextStyle? origin=DEFAULT_VALUE
                            CONST Null type=androidx.compose.ui.text.TextStyle? value=null
                          $mask0: CONST Int type=kotlin.Int value=131070
                          $handler: CONST Null type=kotlin.Any? value=null
                    FIELD FIELD_FOR_OBJECT_INSTANCE name:INSTANCE type:com.vito.admin.MainActivity.onCreate.<no name provided>.invoke.<no name provided> visibility:public [final,static]
                    FUN CLASS_STATIC_INITIALIZER name:<clinit> visibility:public/*package*/ modality:FINAL <> () returnType:kotlin.Unit
                      BLOCK_BODY
                        SET_FIELD 'FIELD FIELD_FOR_OBJECT_INSTANCE name:INSTANCE type:com.vito.admin.MainActivity.onCreate.<no name provided>.invoke.<no name provided> visibility:public [final,static]' type=kotlin.Unit origin=INITIALIZE_FIELD
                          value: CONSTRUCTOR_CALL 'public/*package*/ constructor <init> () [primary] declared in com.vito.admin.MainActivity.onCreate.<no name provided>.invoke.<no name provided>' type=com.vito.admin.MainActivity.onCreate.<no name provided>.invoke.<no name provided> origin=null
                    FUN BRIDGE name:invoke visibility:public modality:OPEN <> ($this:com.vito.admin.MainActivity.onCreate.<no name provided>.invoke.<no name provided>) returnType:kotlin.Any?
                      $this: VALUE_PARAMETER INSTANCE_RECEIVER name:<this> type:com.vito.admin.MainActivity.onCreate.<no name provided>.invoke.<no name provided>
                      EXPRESSION_BODY
                        RETURN type=kotlin.Nothing from='public open fun invoke (): kotlin.Any? declared in com.vito.admin.MainActivity.onCreate.<no name provided>.invoke.<no name provided>'
                          CALL 'public final fun invoke (): kotlin.Unit declared in com.vito.admin.MainActivity.onCreate.<no name provided>.invoke.<no name provided>' type=kotlin.Unit origin=BRIDGE_DELEGATION
                            $this: GET_VAR '<this>: com.vito.admin.MainActivity.onCreate.<no name provided>.invoke.<no name provided> declared in com.vito.admin.MainActivity.onCreate.<no name provided>.invoke.<no name provided>.invoke' type=com.vito.admin.MainActivity.onCreate.<no name provided>.invoke.<no name provided> origin=null
                  GET_FIELD 'FIELD FIELD_FOR_OBJECT_INSTANCE name:INSTANCE type:com.vito.admin.MainActivity.onCreate.<no name provided>.invoke.<no name provided> visibility:public [final,static]' type=com.vito.admin.MainActivity.onCreate.<no name provided>.invoke.<no name provided> origin=null
                $mask0: CONST Int type=kotlin.Int value=7
                $handler: CONST Null type=kotlin.Any? value=null
          FIELD FIELD_FOR_OBJECT_INSTANCE name:INSTANCE type:com.vito.admin.MainActivity.onCreate.<no name provided> visibility:public [final,static]
          FUN CLASS_STATIC_INITIALIZER name:<clinit> visibility:public/*package*/ modality:FINAL <> () returnType:kotlin.Unit
            BLOCK_BODY
              SET_FIELD 'FIELD FIELD_FOR_OBJECT_INSTANCE name:INSTANCE type:com.vito.admin.MainActivity.onCreate.<no name provided> visibility:public [final,static]' type=kotlin.Unit origin=INITIALIZE_FIELD
                value: CONSTRUCTOR_CALL 'public/*package*/ constructor <init> () [primary] declared in com.vito.admin.MainActivity.onCreate.<no name provided>' type=com.vito.admin.MainActivity.onCreate.<no name provided> origin=null
          FUN BRIDGE name:invoke visibility:public modality:OPEN <> ($this:com.vito.admin.MainActivity.onCreate.<no name provided>) returnType:kotlin.Any?
            $this: VALUE_PARAMETER INSTANCE_RECEIVER name:<this> type:com.vito.admin.MainActivity.onCreate.<no name provided>
            EXPRESSION_BODY
              RETURN type=kotlin.Nothing from='public open fun invoke (): kotlin.Any? declared in com.vito.admin.MainActivity.onCreate.<no name provided>'
                CALL 'public final fun invoke (): kotlin.Unit declared in com.vito.admin.MainActivity.onCreate.<no name provided>' type=kotlin.Unit origin=BRIDGE_DELEGATION
                  $this: GET_VAR '<this>: com.vito.admin.MainActivity.onCreate.<no name provided> declared in com.vito.admin.MainActivity.onCreate.<no name provided>.invoke' type=com.vito.admin.MainActivity.onCreate.<no name provided> origin=null
        GET_FIELD 'FIELD FIELD_FOR_OBJECT_INSTANCE name:INSTANCE type:com.vito.admin.MainActivity.onCreate.<no name provided> visibility:public [final,static]' type=com.vito.admin.MainActivity.onCreate.<no name provided> origin=null
      $mask0: CONST Int type=kotlin.Int value=1
      $handler: CONST Null type=kotlin.Any? value=null

	at org.jetbrains.kotlin.backend.jvm.codegen.FunctionCodegen.generate(FunctionCodegen.kt:51)
	at org.jetbrains.kotlin.backend.jvm.codegen.FunctionCodegen.generate$default(FunctionCodegen.kt:43)
	at org.jetbrains.kotlin.backend.jvm.codegen.ClassCodegen.generateMethodNode(ClassCodegen.kt:390)
	at org.jetbrains.kotlin.backend.jvm.codegen.ClassCodegen.generateMethod(ClassCodegen.kt:407)
	at org.jetbrains.kotlin.backend.jvm.codegen.ClassCodegen.generate(ClassCodegen.kt:169)
	at org.jetbrains.kotlin.backend.jvm.FileCodegen.lower(JvmPhases.kt:41)
	at org.jetbrains.kotlin.backend.common.phaser.FileLoweringPhaseAdapter.invoke(PhaseBuilders.kt:120)
	at org.jetbrains.kotlin.backend.common.phaser.FileLoweringPhaseAdapter.invoke(PhaseBuilders.kt:116)
	at org.jetbrains.kotlin.backend.common.phaser.NamedCompilerPhase.phaseBody(CompilerPhase.kt:147)
	at org.jetbrains.kotlin.backend.common.phaser.AbstractNamedCompilerPhase.invoke(CompilerPhase.kt:94)
	at org.jetbrains.kotlin.backend.common.phaser.PerformByIrFilePhase.invokeSequential(performByIrFile.kt:62)
	... 44 more
Caused by: java.lang.RuntimeException: Exception while generating code for:
FUN name:invoke visibility:public modality:FINAL <> ($this:com.vito.admin.MainActivity.onCreate.<no name provided>) returnType:kotlin.Unit
  overridden:
    public abstract fun invoke (): R of kotlin.Function0 [operator] declared in kotlin.Function0
  $this: VALUE_PARAMETER INSTANCE_RECEIVER name:<this> type:com.vito.admin.MainActivity.onCreate.<no name provided>
  BLOCK_BODY
    CALL 'public final fun MaterialTheme$default (colorScheme: androidx.compose.material3.ColorScheme?, shapes: androidx.compose.material3.Shapes?, typography: androidx.compose.material3.Typography?, content: @[Composable] kotlin.Function0<kotlin.Unit>, $mask0: kotlin.Int, $handler: kotlin.Any?): kotlin.Unit declared in androidx.compose.material3.MaterialThemeKt' type=kotlin.Unit origin=DEFAULT_DISPATCH_CALL
      colorScheme: COMPOSITE type=androidx.compose.material3.ColorScheme? origin=DEFAULT_VALUE
        CONST Null type=androidx.compose.material3.ColorScheme? value=null
      shapes: COMPOSITE type=androidx.compose.material3.Shapes? origin=DEFAULT_VALUE
        CONST Null type=androidx.compose.material3.Shapes? value=null
      typography: COMPOSITE type=androidx.compose.material3.Typography? origin=DEFAULT_VALUE
        CONST Null type=androidx.compose.material3.Typography? value=null
      content: BLOCK type=com.vito.admin.MainActivity.onCreate.<no name provided>.invoke.<no name provided> origin=null
        CLASS LAMBDA_IMPL CLASS name:<no name provided> modality:FINAL visibility:public/*package*/ superTypes:[kotlin.jvm.internal.Lambda; kotlin.Function0<kotlin.Unit>]
          $this: VALUE_PARAMETER INSTANCE_RECEIVER name:<this> type:com.vito.admin.MainActivity.onCreate.<no name provided>.invoke.<no name provided>
          CONSTRUCTOR GENERATED_MEMBER_IN_CALLABLE_REFERENCE visibility:public/*package*/ <> () returnType:com.vito.admin.MainActivity.onCreate.<no name provided>.invoke.<no name provided> [primary]
            BLOCK_BODY
              DELEGATING_CONSTRUCTOR_CALL 'public constructor <init> (arity: kotlin.Int) declared in kotlin.jvm.internal.Lambda'
                arity: CONST Int type=kotlin.Int value=0
              BLOCK type=kotlin.Unit origin=null
          FUN name:invoke visibility:public modality:FINAL <> ($this:com.vito.admin.MainActivity.onCreate.<no name provided>.invoke.<no name provided>) returnType:kotlin.Unit
            overridden:
              public abstract fun invoke (): R of kotlin.Function0 [operator] declared in kotlin.Function0
            $this: VALUE_PARAMETER INSTANCE_RECEIVER name:<this> type:com.vito.admin.MainActivity.onCreate.<no name provided>.invoke.<no name provided>
            BLOCK_BODY
              CALL 'public final fun Box$default (modifier: androidx.compose.ui.Modifier?, contentAlignment: androidx.compose.ui.Alignment?, propagateMinConstraints: kotlin.Boolean, content: @[Composable] @[ExtensionFunctionType] kotlin.Function1<androidx.compose.foundation.layout.BoxScope, kotlin.Unit>, $mask0: kotlin.Int, $handler: kotlin.Any?): kotlin.Unit [inline] declared in androidx.compose.foundation.layout.BoxKt' type=kotlin.Unit origin=DEFAULT_DISPATCH_CALL
                modifier: CALL 'public final fun fillMaxSize$default (fraction: kotlin.Float, $mask0: kotlin.Int, $handler: kotlin.Any?): androidx.compose.ui.Modifier declared in androidx.compose.foundation.layout.SizeKt' type=androidx.compose.ui.Modifier origin=DEFAULT_DISPATCH_CALL
                  $receiver: GET_FIELD 'FIELD FIELD_FOR_OBJECT_INSTANCE name:Companion type:androidx.compose.ui.Modifier.Companion visibility:public [final,static]' type=androidx.compose.ui.Modifier.Companion origin=null
                  fraction: COMPOSITE type=kotlin.Float origin=DEFAULT_VALUE
                    CONST Float type=kotlin.Float value=0.0
                  $mask0: CONST Int type=kotlin.Int value=1
                  $handler: CONST Null type=kotlin.Any? value=null
                contentAlignment: CALL 'public final fun <get-Center> (): androidx.compose.ui.Alignment declared in androidx.compose.ui.Alignment.Companion' type=androidx.compose.ui.Alignment origin=GET_PROPERTY
                  $this: GET_FIELD 'FIELD FIELD_FOR_OBJECT_INSTANCE name:Companion type:androidx.compose.ui.Alignment.Companion visibility:public [final,static]' type=androidx.compose.ui.Alignment.Companion origin=null
                propagateMinConstraints: COMPOSITE type=kotlin.Boolean origin=DEFAULT_VALUE
                  CONST Boolean type=kotlin.Boolean value=false
                content: BLOCK type=@[ExtensionFunctionType] kotlin.Function1<androidx.compose.foundation.layout.BoxScope, kotlin.Unit> origin=LAMBDA
                  COMPOSITE type=kotlin.Unit origin=null
                  FUNCTION_REFERENCE 'private final fun invoke$lambda$0 (): kotlin.Unit declared in com.vito.admin.MainActivity.onCreate.<no name provided>.invoke.<no name provided>' type=@[ExtensionFunctionType] kotlin.Function1<androidx.compose.foundation.layout.BoxScope, kotlin.Unit> origin=INLINE_LAMBDA reflectionTarget=null
                $mask0: CONST Int type=kotlin.Int value=4
                $handler: CONST Null type=kotlin.Any? value=null
          FUN INLINE_LAMBDA name:invoke$lambda$0 visibility:private modality:FINAL <> ($receiver:androidx.compose.foundation.layout.BoxScope) returnType:kotlin.Unit
            $receiver: VALUE_PARAMETER name:$this$Box type:androidx.compose.foundation.layout.BoxScope
            BLOCK_BODY
              VAR name:$i$a$-Box$default-MainActivity$onCreate$1$1$1 type:kotlin.Int [val]
                CONST Int type=kotlin.Int value=0
              CALL 'public final fun Text-80ic1_w$default (text: kotlin.String, modifier: androidx.compose.ui.Modifier?, color: androidx.compose.ui.graphics.Color, fontSize: androidx.compose.ui.unit.TextUnit, fontStyle: androidx.compose.ui.text.font.FontStyle?, fontWeight: androidx.compose.ui.text.font.FontWeight?, fontFamily: androidx.compose.ui.text.font.FontFamily?, letterSpacing: androidx.compose.ui.unit.TextUnit, textDecoration: androidx.compose.ui.text.style.TextDecoration?, textAlign: androidx.compose.ui.text.style.TextAlign?, lineHeight: androidx.compose.ui.unit.TextUnit, overflow: androidx.compose.ui.text.style.TextOverflow, softWrap: kotlin.Boolean, maxLines: kotlin.Int, minLines: kotlin.Int, onTextLayout: kotlin.Function1<androidx.compose.ui.text.TextLayoutResult, kotlin.Unit>?, style: androidx.compose.ui.text.TextStyle?, $mask0: kotlin.Int, $handler: kotlin.Any?): kotlin.Unit declared in androidx.compose.material3.TextKt' type=kotlin.Unit origin=DEFAULT_DISPATCH_CALL
                text: CONST String type=kotlin.String value="Vito Admin App - Demo Mode"
                modifier: COMPOSITE type=androidx.compose.ui.Modifier? origin=DEFAULT_VALUE
                  CONST Null type=androidx.compose.ui.Modifier? value=null
                color: COMPOSITE type=androidx.compose.ui.graphics.Color origin=DEFAULT_VALUE
                  CALL 'public final fun <unsafe-coerce> <T, R> (v: T of kotlin.jvm.internal.<unsafe-coerce>): R of kotlin.jvm.internal.<unsafe-coerce> declared in kotlin.jvm.internal' type=androidx.compose.ui.graphics.Color origin=null
                    <T>: kotlin.Long
                    <R>: androidx.compose.ui.graphics.Color
                    v: CONST Long type=kotlin.Long value=0
                fontSize: COMPOSITE type=androidx.compose.ui.unit.TextUnit origin=DEFAULT_VALUE
                  CALL 'public final fun <unsafe-coerce> <T, R> (v: T of kotlin.jvm.internal.<unsafe-coerce>): R of kotlin.jvm.internal.<unsafe-coerce> declared in kotlin.jvm.internal' type=androidx.compose.ui.unit.TextUnit origin=null
                    <T>: kotlin.Long
                    <R>: androidx.compose.ui.unit.TextUnit
                    v: CONST Long type=kotlin.Long value=0
                fontStyle: COMPOSITE type=androidx.compose.ui.text.font.FontStyle? origin=DEFAULT_VALUE
                  CONST Null type=androidx.compose.ui.text.font.FontStyle? value=null
                fontWeight: COMPOSITE type=androidx.compose.ui.text.font.FontWeight? origin=DEFAULT_VALUE
                  CONST Null type=androidx.compose.ui.text.font.FontWeight? value=null
                fontFamily: COMPOSITE type=androidx.compose.ui.text.font.FontFamily? origin=DEFAULT_VALUE
                  CONST Null type=androidx.compose.ui.text.font.FontFamily? value=null
                letterSpacing: COMPOSITE type=androidx.compose.ui.unit.TextUnit origin=DEFAULT_VALUE
                  CALL 'public final fun <unsafe-coerce> <T, R> (v: T of kotlin.jvm.internal.<unsafe-coerce>): R of kotlin.jvm.internal.<unsafe-coerce> declared in kotlin.jvm.internal' type=androidx.compose.ui.unit.TextUnit origin=null
                    <T>: kotlin.Long
                    <R>: androidx.compose.ui.unit.TextUnit
                    v: CONST Long type=kotlin.Long value=0
                textDecoration: COMPOSITE type=androidx.compose.ui.text.style.TextDecoration? origin=DEFAULT_VALUE
                  CONST Null type=androidx.compose.ui.text.style.TextDecoration? value=null
                textAlign: COMPOSITE type=androidx.compose.ui.text.style.TextAlign? origin=DEFAULT_VALUE
                  CONST Null type=androidx.compose.ui.text.style.TextAlign? value=null
                lineHeight: COMPOSITE type=androidx.compose.ui.unit.TextUnit origin=DEFAULT_VALUE
                  CALL 'public final fun <unsafe-coerce> <T, R> (v: T of kotlin.jvm.internal.<unsafe-coerce>): R of kotlin.jvm.internal.<unsafe-coerce> declared in kotlin.jvm.internal' type=androidx.compose.ui.unit.TextUnit origin=null
                    <T>: kotlin.Long
                    <R>: androidx.compose.ui.unit.TextUnit
                    v: CONST Long type=kotlin.Long value=0
                overflow: COMPOSITE type=androidx.compose.ui.text.style.TextOverflow origin=DEFAULT_VALUE
                  CALL 'public final fun <unsafe-coerce> <T, R> (v: T of kotlin.jvm.internal.<unsafe-coerce>): R of kotlin.jvm.internal.<unsafe-coerce> declared in kotlin.jvm.internal' type=androidx.compose.ui.text.style.TextOverflow origin=null
                    <T>: kotlin.Int
                    <R>: androidx.compose.ui.text.style.TextOverflow
                    v: CONST Int type=kotlin.Int value=0
                softWrap: COMPOSITE type=kotlin.Boolean origin=DEFAULT_VALUE
                  CONST Boolean type=kotlin.Boolean value=false
                maxLines: COMPOSITE type=kotlin.Int origin=DEFAULT_VALUE
                  CONST Int type=kotlin.Int value=0
                minLines: COMPOSITE type=kotlin.Int origin=DEFAULT_VALUE
                  CONST Int type=kotlin.Int value=0
                onTextLayout: COMPOSITE type=kotlin.Function1<androidx.compose.ui.text.TextLayoutResult, kotlin.Unit>? origin=DEFAULT_VALUE
                  CONST Null type=kotlin.Function1<androidx.compose.ui.text.TextLayoutResult, kotlin.Unit>? value=null
                style: COMPOSITE type=androidx.compose.ui.text.TextStyle? origin=DEFAULT_VALUE
                  CONST Null type=androidx.compose.ui.text.TextStyle? value=null
                $mask0: CONST Int type=kotlin.Int value=131070
                $handler: CONST Null type=kotlin.Any? value=null
          FIELD FIELD_FOR_OBJECT_INSTANCE name:INSTANCE type:com.vito.admin.MainActivity.onCreate.<no name provided>.invoke.<no name provided> visibility:public [final,static]
          FUN CLASS_STATIC_INITIALIZER name:<clinit> visibility:public/*package*/ modality:FINAL <> () returnType:kotlin.Unit
            BLOCK_BODY
              SET_FIELD 'FIELD FIELD_FOR_OBJECT_INSTANCE name:INSTANCE type:com.vito.admin.MainActivity.onCreate.<no name provided>.invoke.<no name provided> visibility:public [final,static]' type=kotlin.Unit origin=INITIALIZE_FIELD
                value: CONSTRUCTOR_CALL 'public/*package*/ constructor <init> () [primary] declared in com.vito.admin.MainActivity.onCreate.<no name provided>.invoke.<no name provided>' type=com.vito.admin.MainActivity.onCreate.<no name provided>.invoke.<no name provided> origin=null
          FUN BRIDGE name:invoke visibility:public modality:OPEN <> ($this:com.vito.admin.MainActivity.onCreate.<no name provided>.invoke.<no name provided>) returnType:kotlin.Any?
            $this: VALUE_PARAMETER INSTANCE_RECEIVER name:<this> type:com.vito.admin.MainActivity.onCreate.<no name provided>.invoke.<no name provided>
            EXPRESSION_BODY
              RETURN type=kotlin.Nothing from='public open fun invoke (): kotlin.Any? declared in com.vito.admin.MainActivity.onCreate.<no name provided>.invoke.<no name provided>'
                CALL 'public final fun invoke (): kotlin.Unit declared in com.vito.admin.MainActivity.onCreate.<no name provided>.invoke.<no name provided>' type=kotlin.Unit origin=BRIDGE_DELEGATION
                  $this: GET_VAR '<this>: com.vito.admin.MainActivity.onCreate.<no name provided>.invoke.<no name provided> declared in com.vito.admin.MainActivity.onCreate.<no name provided>.invoke.<no name provided>.invoke' type=com.vito.admin.MainActivity.onCreate.<no name provided>.invoke.<no name provided> origin=null
        GET_FIELD 'FIELD FIELD_FOR_OBJECT_INSTANCE name:INSTANCE type:com.vito.admin.MainActivity.onCreate.<no name provided>.invoke.<no name provided> visibility:public [final,static]' type=com.vito.admin.MainActivity.onCreate.<no name provided>.invoke.<no name provided> origin=null
      $mask0: CONST Int type=kotlin.Int value=7
      $handler: CONST Null type=kotlin.Any? value=null

	at org.jetbrains.kotlin.backend.jvm.codegen.FunctionCodegen.generate(FunctionCodegen.kt:51)
	at org.jetbrains.kotlin.backend.jvm.codegen.FunctionCodegen.generate$default(FunctionCodegen.kt:43)
	at org.jetbrains.kotlin.backend.jvm.codegen.ClassCodegen.generateMethodNode(ClassCodegen.kt:390)
	at org.jetbrains.kotlin.backend.jvm.codegen.ClassCodegen.generateMethod(ClassCodegen.kt:407)
	at org.jetbrains.kotlin.backend.jvm.codegen.ClassCodegen.generate(ClassCodegen.kt:169)
	at org.jetbrains.kotlin.backend.jvm.codegen.ExpressionCodegen.visitClass(ExpressionCodegen.kt:967)
	at org.jetbrains.kotlin.backend.jvm.codegen.ExpressionCodegen.visitClass(ExpressionCodegen.kt:134)
	at org.jetbrains.kotlin.ir.declarations.IrClass.accept(IrClass.kt:73)
	at org.jetbrains.kotlin.backend.jvm.codegen.ExpressionCodegen.visitStatementContainer(ExpressionCodegen.kt:562)
	at org.jetbrains.kotlin.backend.jvm.codegen.ExpressionCodegen.visitContainerExpression(ExpressionCodegen.kt:576)
	at org.jetbrains.kotlin.backend.jvm.codegen.ExpressionCodegen.visitContainerExpression(ExpressionCodegen.kt:134)
	at org.jetbrains.kotlin.ir.visitors.IrElementVisitor$DefaultImpls.visitBlock(IrElementVisitor.kt:192)
	at org.jetbrains.kotlin.backend.jvm.codegen.ExpressionCodegen.visitBlock(ExpressionCodegen.kt:396)
	at org.jetbrains.kotlin.backend.jvm.codegen.ExpressionCodegen.visitBlock(ExpressionCodegen.kt:134)
	at org.jetbrains.kotlin.ir.expressions.IrBlock.accept(IrBlock.kt:20)
	at org.jetbrains.kotlin.backend.jvm.codegen.ExpressionCodegen.gen(ExpressionCodegen.kt:205)
	at org.jetbrains.kotlin.backend.jvm.codegen.IrCallGenerator.genValueAndPut(IrCallGenerator.kt:48)
	at org.jetbrains.kotlin.backend.jvm.codegen.ExpressionCodegen.visitCall$handleValueParameter(ExpressionCodegen.kt:606)
	at org.jetbrains.kotlin.backend.jvm.codegen.ExpressionCodegen.visitCall(ExpressionCodegen.kt:619)
	at org.jetbrains.kotlin.backend.jvm.codegen.ExpressionCodegen.visitCall(ExpressionCodegen.kt:134)
	at org.jetbrains.kotlin.ir.expressions.IrCall.accept(IrCall.kt:26)
	at org.jetbrains.kotlin.backend.jvm.codegen.ExpressionCodegen.visitStatementContainer(ExpressionCodegen.kt:562)
	at org.jetbrains.kotlin.backend.jvm.codegen.ExpressionCodegen.visitBlockBody(ExpressionCodegen.kt:567)
	at org.jetbrains.kotlin.backend.jvm.codegen.ExpressionCodegen.visitBlockBody(ExpressionCodegen.kt:134)
	at org.jetbrains.kotlin.ir.expressions.IrBlockBody.accept(IrBlockBody.kt:25)
	at org.jetbrains.kotlin.backend.jvm.codegen.ExpressionCodegen.generate(ExpressionCodegen.kt:228)
	at org.jetbrains.kotlin.backend.jvm.codegen.FunctionCodegen.doGenerate(FunctionCodegen.kt:122)
	at org.jetbrains.kotlin.backend.jvm.codegen.FunctionCodegen.generate(FunctionCodegen.kt:47)
	... 54 more
Caused by: java.lang.RuntimeException: Exception while generating code for:
FUN name:invoke visibility:public modality:FINAL <> ($this:com.vito.admin.MainActivity.onCreate.<no name provided>.invoke.<no name provided>) returnType:kotlin.Unit
  overridden:
    public abstract fun invoke (): R of kotlin.Function0 [operator] declared in kotlin.Function0
  $this: VALUE_PARAMETER INSTANCE_RECEIVER name:<this> type:com.vito.admin.MainActivity.onCreate.<no name provided>.invoke.<no name provided>
  BLOCK_BODY
    CALL 'public final fun Box$default (modifier: androidx.compose.ui.Modifier?, contentAlignment: androidx.compose.ui.Alignment?, propagateMinConstraints: kotlin.Boolean, content: @[Composable] @[ExtensionFunctionType] kotlin.Function1<androidx.compose.foundation.layout.BoxScope, kotlin.Unit>, $mask0: kotlin.Int, $handler: kotlin.Any?): kotlin.Unit [inline] declared in androidx.compose.foundation.layout.BoxKt' type=kotlin.Unit origin=DEFAULT_DISPATCH_CALL
      modifier: CALL 'public final fun fillMaxSize$default (fraction: kotlin.Float, $mask0: kotlin.Int, $handler: kotlin.Any?): androidx.compose.ui.Modifier declared in androidx.compose.foundation.layout.SizeKt' type=androidx.compose.ui.Modifier origin=DEFAULT_DISPATCH_CALL
        $receiver: GET_FIELD 'FIELD FIELD_FOR_OBJECT_INSTANCE name:Companion type:androidx.compose.ui.Modifier.Companion visibility:public [final,static]' type=androidx.compose.ui.Modifier.Companion origin=null
        fraction: COMPOSITE type=kotlin.Float origin=DEFAULT_VALUE
          CONST Float type=kotlin.Float value=0.0
        $mask0: CONST Int type=kotlin.Int value=1
        $handler: CONST Null type=kotlin.Any? value=null
      contentAlignment: CALL 'public final fun <get-Center> (): androidx.compose.ui.Alignment declared in androidx.compose.ui.Alignment.Companion' type=androidx.compose.ui.Alignment origin=GET_PROPERTY
        $this: GET_FIELD 'FIELD FIELD_FOR_OBJECT_INSTANCE name:Companion type:androidx.compose.ui.Alignment.Companion visibility:public [final,static]' type=androidx.compose.ui.Alignment.Companion origin=null
      propagateMinConstraints: COMPOSITE type=kotlin.Boolean origin=DEFAULT_VALUE
        CONST Boolean type=kotlin.Boolean value=false
      content: BLOCK type=@[ExtensionFunctionType] kotlin.Function1<androidx.compose.foundation.layout.BoxScope, kotlin.Unit> origin=LAMBDA
        COMPOSITE type=kotlin.Unit origin=null
        FUNCTION_REFERENCE 'private final fun invoke$lambda$0 (): kotlin.Unit declared in com.vito.admin.MainActivity.onCreate.<no name provided>.invoke.<no name provided>' type=@[ExtensionFunctionType] kotlin.Function1<androidx.compose.foundation.layout.BoxScope, kotlin.Unit> origin=INLINE_LAMBDA reflectionTarget=null
      $mask0: CONST Int type=kotlin.Int value=4
      $handler: CONST Null type=kotlin.Any? value=null

	at org.jetbrains.kotlin.backend.jvm.codegen.FunctionCodegen.generate(FunctionCodegen.kt:51)
	at org.jetbrains.kotlin.backend.jvm.codegen.FunctionCodegen.generate$default(FunctionCodegen.kt:43)
	at org.jetbrains.kotlin.backend.jvm.codegen.ClassCodegen.generateMethodNode(ClassCodegen.kt:390)
	at org.jetbrains.kotlin.backend.jvm.codegen.ClassCodegen.generateMethod(ClassCodegen.kt:407)
	at org.jetbrains.kotlin.backend.jvm.codegen.ClassCodegen.generate(ClassCodegen.kt:169)
	at org.jetbrains.kotlin.backend.jvm.codegen.ExpressionCodegen.visitClass(ExpressionCodegen.kt:967)
	at org.jetbrains.kotlin.backend.jvm.codegen.ExpressionCodegen.visitClass(ExpressionCodegen.kt:134)
	at org.jetbrains.kotlin.ir.declarations.IrClass.accept(IrClass.kt:73)
	at org.jetbrains.kotlin.backend.jvm.codegen.ExpressionCodegen.visitStatementContainer(ExpressionCodegen.kt:562)
	at org.jetbrains.kotlin.backend.jvm.codegen.ExpressionCodegen.visitContainerExpression(ExpressionCodegen.kt:576)
	at org.jetbrains.kotlin.backend.jvm.codegen.ExpressionCodegen.visitContainerExpression(ExpressionCodegen.kt:134)
	at org.jetbrains.kotlin.ir.visitors.IrElementVisitor$DefaultImpls.visitBlock(IrElementVisitor.kt:192)
	at org.jetbrains.kotlin.backend.jvm.codegen.ExpressionCodegen.visitBlock(ExpressionCodegen.kt:396)
	at org.jetbrains.kotlin.backend.jvm.codegen.ExpressionCodegen.visitBlock(ExpressionCodegen.kt:134)
	at org.jetbrains.kotlin.ir.expressions.IrBlock.accept(IrBlock.kt:20)
	at org.jetbrains.kotlin.backend.jvm.codegen.ExpressionCodegen.gen(ExpressionCodegen.kt:205)
	at org.jetbrains.kotlin.backend.jvm.codegen.IrCallGenerator.genValueAndPut(IrCallGenerator.kt:48)
	at org.jetbrains.kotlin.backend.jvm.codegen.ExpressionCodegen.visitCall$handleValueParameter(ExpressionCodegen.kt:606)
	at org.jetbrains.kotlin.backend.jvm.codegen.ExpressionCodegen.visitCall(ExpressionCodegen.kt:619)
	at org.jetbrains.kotlin.backend.jvm.codegen.ExpressionCodegen.visitCall(ExpressionCodegen.kt:134)
	at org.jetbrains.kotlin.ir.expressions.IrCall.accept(IrCall.kt:26)
	at org.jetbrains.kotlin.backend.jvm.codegen.ExpressionCodegen.visitStatementContainer(ExpressionCodegen.kt:562)
	at org.jetbrains.kotlin.backend.jvm.codegen.ExpressionCodegen.visitBlockBody(ExpressionCodegen.kt:567)
	at org.jetbrains.kotlin.backend.jvm.codegen.ExpressionCodegen.visitBlockBody(ExpressionCodegen.kt:134)
	at org.jetbrains.kotlin.ir.expressions.IrBlockBody.accept(IrBlockBody.kt:25)
	at org.jetbrains.kotlin.backend.jvm.codegen.ExpressionCodegen.generate(ExpressionCodegen.kt:228)
	at org.jetbrains.kotlin.backend.jvm.codegen.FunctionCodegen.doGenerate(FunctionCodegen.kt:122)
	at org.jetbrains.kotlin.backend.jvm.codegen.FunctionCodegen.generate(FunctionCodegen.kt:47)
	... 81 more
Caused by: org.jetbrains.kotlin.codegen.CompilationException: Back-end (JVM) Internal error: Couldn't inline method call: CALL 'public final fun Box$default (modifier: androidx.compose.ui.Modifier?, contentAlignment: androidx.compose.ui.Alignment?, propagateMinConstraints: kotlin.Boolean, content: @[Composable] @[ExtensionFunctionType] kotlin.Function1<androidx.compose.foundation.layout.BoxScope, kotlin.Unit>, $mask0: kotlin.Int, $handler: kotlin.Any?): kotlin.Unit [inline] declared in androidx.compose.foundation.layout.BoxKt' type=kotlin.Unit origin=DEFAULT_DISPATCH_CALL
Method: null
File is unknown
The root cause java.lang.IllegalStateException was thrown at: org.jetbrains.kotlin.codegen.inline.SourceCompilerForInlineKt.getMethodNode(SourceCompilerForInline.kt:118)
	at org.jetbrains.kotlin.codegen.inline.InlineCodegen.performInline(InlineCodegen.kt:67)
	at org.jetbrains.kotlin.backend.jvm.codegen.IrInlineCodegen.genInlineCall(IrInlineCodegen.kt:162)
	at org.jetbrains.kotlin.backend.jvm.codegen.IrInlineCallGenerator.genCall(IrInlineCallGenerator.kt:36)
	at org.jetbrains.kotlin.backend.jvm.codegen.ExpressionCodegen.visitCall(ExpressionCodegen.kt:627)
	at org.jetbrains.kotlin.backend.jvm.codegen.ExpressionCodegen.visitCall(ExpressionCodegen.kt:134)
	at org.jetbrains.kotlin.ir.expressions.IrCall.accept(IrCall.kt:26)
	at org.jetbrains.kotlin.backend.jvm.codegen.ExpressionCodegen.visitStatementContainer(ExpressionCodegen.kt:562)
	at org.jetbrains.kotlin.backend.jvm.codegen.ExpressionCodegen.visitBlockBody(ExpressionCodegen.kt:567)
	at org.jetbrains.kotlin.backend.jvm.codegen.ExpressionCodegen.visitBlockBody(ExpressionCodegen.kt:134)
	at org.jetbrains.kotlin.ir.expressions.IrBlockBody.accept(IrBlockBody.kt:25)
	at org.jetbrains.kotlin.backend.jvm.codegen.ExpressionCodegen.generate(ExpressionCodegen.kt:228)
	at org.jetbrains.kotlin.backend.jvm.codegen.FunctionCodegen.doGenerate(FunctionCodegen.kt:122)
	at org.jetbrains.kotlin.backend.jvm.codegen.FunctionCodegen.generate(FunctionCodegen.kt:47)
	... 108 more
Caused by: java.lang.IllegalStateException: couldn't find inline method Landroidx/compose/foundation/layout/BoxKt;.Box$default(Landroidx/compose/ui/Modifier;Landroidx/compose/ui/Alignment;ZLkotlin/jvm/functions/Function1;ILjava/lang/Object;)V
	at org.jetbrains.kotlin.codegen.inline.SourceCompilerForInlineKt.getMethodNode(SourceCompilerForInline.kt:118)
	at org.jetbrains.kotlin.codegen.inline.SourceCompilerForInlineKt.loadCompiledInlineFunction(SourceCompilerForInline.kt:96)
	at org.jetbrains.kotlin.backend.jvm.codegen.IrSourceCompilerForInline.compileInlineFunction(IrSourceCompilerForInline.kt:91)
	at org.jetbrains.kotlin.codegen.inline.InlineCodegen.compileInline(InlineCodegen.kt:45)
	at org.jetbrains.kotlin.codegen.inline.InlineCodegen.performInline(InlineCodegen.kt:53)
	... 120 more


